// Vitest Snapshot v1

exports[`<PostForm> > matches former snapshot 1`] = `
<div>
  <form
    class="_form_11gmc_1"
  >
    <div>
      <label
        class="_label_18bax_1"
        for="title"
      >
        Title
      </label>
      <br />
      <input
        class="_input_t18bm_1"
        data-testid="title"
        id="title"
        name="title"
        required=""
        value=""
      />
    </div>
    <div>
      <label
        for="published"
      >
        <input
          data-testid="published"
          id="published"
          name="published"
          type="checkbox"
        />
        <span
          class="_text_1u3zs_1"
        >
          Published
        </span>
      </label>
    </div>
    <div
      class="_buttonContainer_11gmc_5"
    >
      <input
        class="_button_1kc8m_1"
        data-testid="submit"
        type="submit"
        value="Submit"
      />
    </div>
  </form>
</div>
`;
